[kamleshyadav.com/html/educo/educo/educo_one_instructor/index.html]
[backblue.gif]
[fade.gif]
[index.html]
[kamleshyadav.com/html/educo/educo/educo_one_instructor/css/main.css]
[kamleshyadav.com/html/educo/educo/educo_one_instructor/images/header/favicon.png]
[kamleshyadav.com/html/educo/educo/educo_one_instructor/signup.html]
[kamleshyadav.com/html/educo/educo/educo_one_instructor/images/header/Logo.png]
[kamleshyadav.com/html/educo/educo/educo_one_instructor/about.html]
[kamleshyadav.com/html/educo/educo/educo_one_instructor/courses.html]
[kamleshyadav.com/html/educo/educo/educo_one_instructor/course_sidebar.html]
[kamleshyadav.com/html/educo/educo/educo_one_instructor/course_single.html]
[kamleshyadav.com/html/educo/educo/educo_one_instructor/course_lesson.html]
[kamleshyadav.com/html/educo/educo/educo_one_instructor/instructor_dashboard.html]
[kamleshyadav.com/html/educo/educo/educo_one_instructor/dashboard.html]
[kamleshyadav.com/html/educo/educo/educo_one_instructor/cart.html]
[kamleshyadav.com/html/educo/educo/educo_one_instructor/checkout.html]
[kamleshyadav.com/html/educo/educo/educo_one_instructor/purchase_course.html]
[kamleshyadav.com/html/educo/educo/educo_one_instructor/not_found.html]
[kamleshyadav.com/html/educo/educo/educo_one_instructor/contact.html]
[kamleshyadav.com/html/educo/educo/educo_one_instructor/images/slider/2.jpg]
[kamleshyadav.com/html/educo/educo/educo_one_instructor/images/slider/sec1_s1.jpg]
[kamleshyadav.com/html/educo/educo/educo_one_instructor/images/slider/sec1_s2.jpg]
[kamleshyadav.com/html/educo/educo/educo_one_instructor/images/slider/sec1_s3.jpg]
[kamleshyadav.com/html/educo/educo/educo_one_instructor/images/slider/sec1_s4.jpg]
[kamleshyadav.com/html/educo/educo/educo_one_instructor/images/slider/sec1_s5.jpg]
[kamleshyadav.com/html/educo/educo/educo_one_instructor/images/slider/sec1_s7.jpg]
[kamleshyadav.com/html/educo/educo/educo_one_instructor/images/content/v_bg.jpg]
[kamleshyadav.com/html/educo/educo/educo_one_instructor/images/slider/people.jpg]
[kamleshyadav.com/html/educo/educo/educo_one_instructor/images/content/stdn_slide_small2.jpg]
[kamleshyadav.com/html/educo/educo/educo_one_instructor/images/content/stdn_slide2.jpg]
[kamleshyadav.com/html/educo/educo/educo_one_instructor/images/content/stdn_slide_small1.jpg]
[kamleshyadav.com/html/educo/educo/educo_one_instructor/images/content/stdn_slide1.jpg]
[kamleshyadav.com/html/educo/educo/educo_one_instructor/images/slider/sec1_s10.jpg]
[kamleshyadav.com/html/educo/educo/educo_one_instructor/images/slider/sec1_s9.jpg]
[kamleshyadav.com/html/educo/educo/educo_one_instructor/images/slider/sec1_s8.jpg]
[kamleshyadav.com/html/educo/educo/educo_one_instructor/images/footer/F_Logo.png]
[kamleshyadav.com/html/educo/educo/educo_one_instructor/private_policy.html]
[kamleshyadav.com/html/educo/educo/educo_one_instructor/js/bootstrap.js]
[kamleshyadav.com/html/educo/educo/educo_one_instructor/js/modernizr.js]
[kamleshyadav.com/html/educo/educo/educo_one_instructor/js/smooth-scroll.js]
[kamleshyadav.com/html/educo/educo/educo_one_instructor/js/owl.carousel.js]
[kamleshyadav.com/html/educo/educo/educo_one_instructor/js/plugins/revel/jquery.themepunch.revolution.min.js]
[kamleshyadav.com/html/educo/educo/educo_one_instructor/js/plugins/revel/revolution.extension.layeranimation.min.js]
[kamleshyadav.com/html/educo/educo/educo_one_instructor/js/plugins/revel/revolution.extension.navigation.min.js]
[kamleshyadav.com/html/educo/educo/educo_one_instructor/js/plugins/revel/revolution.extension.slideanims.min.js]
[kamleshyadav.com/html/educo/educo/educo_one_instructor/js/plugins/revel/jquery.themepunch.tools.min.js]
[kamleshyadav.com/html/educo/educo/educo_one_instructor/js/jquery-1.12.2.js]
[kamleshyadav.com/html/educo/educo/educo_one_instructor/js/plugins/revel/revolution.extension.actions.min.js]
[kamleshyadav.com/html/educo/educo/educo_one_instructor/js/plugins/revel/revolution.extension.parallax.min.js]
[kamleshyadav.com/html/educo/educo/educo_one_instructor/js/plugins/revel/revolution.extension.video.min.js]
[kamleshyadav.com/html/educo/educo/educo_one_instructor/js/plugins/countto/jquery.countTo.js]
[kamleshyadav.com/html/educo/educo/educo_one_instructor/js/plugins/countto/jquery.appear.js]
[kamleshyadav.com/html/educo/educo/educo_one_instructor/index.html]
[kamleshyadav.com/html/educo/educo/educo_one_instructor/js/custom.js]
[kamleshyadav.com/html/educo/educo/educo_one_instructor/css/fonts.css]
[kamleshyadav.com/html/educo/educo/educo_one_instructor/css/bootstrap.css]
[kamleshyadav.com/html/educo/educo/educo_one_instructor/css/font-awesome.css]
[kamleshyadav.com/html/educo/educo/educo_one_instructor/css/owl.carousel.css]
[kamleshyadav.com/html/educo/educo/educo_one_instructor/css/animate.css]
[kamleshyadav.com/html/educo/educo/educo_one_instructor/css/style.css]
[kamleshyadav.com/html/educo/educo/educo_one_instructor/css/main.css]
[kamleshyadav.com/html/educo/educo/educo_one_instructor/signup.html]
[kamleshyadav.com/html/educo/educo/educo_one_instructor/images/content/about.jpg]
[kamleshyadav.com/html/educo/educo/educo_one_instructor/js/plugins/revel/settings.css]
[kamleshyadav.com/html/educo/educo/educo_one_instructor/about.html]
[kamleshyadav.com/html/educo/educo/educo_one_instructor/course.html]
[kamleshyadav.com/html/educo/educo/educo_one_instructor/images/slider/sec1_s9_big.jpg]
[kamleshyadav.com/html/educo/educo/educo_one_instructor/images/slider/sec1_s8_big.jpg]
[kamleshyadav.com/html/educo/educo/educo_one_instructor/images/slider/sec1_s5_big.jpg]
[kamleshyadav.com/html/educo/educo/educo_one_instructor/images/slider/sec1_s2_big.jpg]
[kamleshyadav.com/html/educo/educo/educo_one_instructor/images/slider/sec1_s10_big.jpg]
[kamleshyadav.com/html/educo/educo/educo_one_instructor/images/slider/sec1_s7_big.jpg]
[kamleshyadav.com/html/educo/educo/educo_one_instructor/images/slider/sec1_s6_big.jpg]
[kamleshyadav.com/html/educo/educo/educo_one_instructor/images/slider/sec1_s4_big.jpg]
[kamleshyadav.com/html/educo/educo/educo_one_instructor/images/slider/sec1_s3_big.jpg]
[kamleshyadav.com/html/educo/educo/educo_one_instructor/courses.html]
[kamleshyadav.com/html/educo/educo/educo_one_instructor/images/slider/sec1_s12_big.jpg]
[kamleshyadav.com/html/educo/educo/educo_one_instructor/images/slider/sec1_s13_big.jpg]
[kamleshyadav.com/html/educo/educo/educo_one_instructor/images/slider/sec1_s11_big.jpg]
[kamleshyadav.com/html/educo/educo/educo_one_instructor/images/slider/sec1_s16_big.jpg]
[kamleshyadav.com/html/educo/educo/educo_one_instructor/images/slider/sec1_s14_big.jpg]
[kamleshyadav.com/html/educo/educo/educo_one_instructor/images/slider/sec1_s15_big.jpg]
[kamleshyadav.com/html/educo/educo/educo_one_instructor/course_sidebar.html]
[kamleshyadav.com/html/educo/educo/educo_one_instructor/images/content/Single_course_bg.jpg]
[kamleshyadav.com/html/educo/educo/educo_one_instructor/images/content/about_small.jpg]
[kamleshyadav.com/html/educo/educo/educo_one_instructor/images/content/S01.jpg]
[kamleshyadav.com/html/educo/educo/educo_one_instructor/images/content/S02.jpg]
[kamleshyadav.com/html/educo/educo/educo_one_instructor/images/content/S03.jpg]
[kamleshyadav.com/html/educo/educo/educo_one_instructor/images/content/S04.jpg]
[kamleshyadav.com/html/educo/educo/educo_one_instructor/images/content/S05.jpg]
[kamleshyadav.com/html/educo/educo/educo_one_instructor/images/content/S06.jpg]
[kamleshyadav.com/html/educo/educo/educo_one_instructor/images/content/S07.jpg]
[kamleshyadav.com/html/educo/educo/educo_one_instructor/images/content/S08.jpg]
[kamleshyadav.com/html/educo/educo/educo_one_instructor/images/content/S09.jpg]
[kamleshyadav.com/html/educo/educo/educo_one_instructor/images/content/S10.jpg]
[kamleshyadav.com/html/educo/educo/educo_one_instructor/course_single.html]
[kamleshyadav.com/html/educo/educo/educo_one_instructor/course_lesson.html]
[kamleshyadav.com/html/educo/educo/educo_one_instructor/images/content/about_b.jpg]
[kamleshyadav.com/html/educo/educo/educo_one_instructor/instructor_dashboard.html]
[kamleshyadav.com/html/educo/educo/educo_one_instructor/images/content/S01_big.jpg]
[kamleshyadav.com/html/educo/educo/educo_one_instructor/dashboard.html]
[kamleshyadav.com/html/educo/educo/educo_one_instructor/cart.html]
[kamleshyadav.com/html/educo/educo/educo_one_instructor/images/cards.jpg]
[kamleshyadav.com/html/educo/educo/educo_one_instructor/images/paypal.jpg]
[kamleshyadav.com/html/educo/educo/educo_one_instructor/checkout.html]
[kamleshyadav.com/html/educo/educo/educo_one_instructor/purchase_course.html]
[kamleshyadav.com/html/educo/educo/educo_one_instructor/not_found.html]
[kamleshyadav.com/html/educo/educo/educo_one_instructor/contact.html]
[kamleshyadav.com/html/educo/educo/educo_one_instructor/private_policy.html]
[kamleshyadav.com/html/educo/educo/educo_one_instructor/css/fonts.css]
[kamleshyadav.com/html/educo/educo/educo_one_instructor/fonts/glyphicons-halflings-regular.eot]
[kamleshyadav.com/html/educo/educo/educo_one_instructor/js/gmaps.js]
[kamleshyadav.com/html/educo/educo/educo_one_instructor/fonts/glyphicons-halflings-regular.woff2]
[kamleshyadav.com/html/educo/educo/educo_one_instructor/fonts/glyphicons-halflings-regulard41d.eot]
[kamleshyadav.com/html/educo/educo/educo_one_instructor/fonts/glyphicons-halflings-regular.woff]
[kamleshyadav.com/html/educo/educo/educo_one_instructor/fonts/glyphicons-halflings-regular.ttf]
[kamleshyadav.com/html/educo/educo/educo_one_instructor/fonts/glyphicons-halflings-regular.svg]
[kamleshyadav.com/html/educo/educo/educo_one_instructor/css/bootstrap.css]
[kamleshyadav.com/html/educo/educo/educo_one_instructor/fonts/fontawesome-webfont3e6e.eot]
[kamleshyadav.com/html/educo/educo/educo_one_instructor/fonts/fontawesome-webfontd41d.eot]
[kamleshyadav.com/html/educo/educo/educo_one_instructor/fonts/fontawesome-webfont3e6e.woff2]
[kamleshyadav.com/html/educo/educo/educo_one_instructor/fonts/fontawesome-webfont3e6e.woff]
[kamleshyadav.com/html/educo/educo/educo_one_instructor/fonts/fontawesome-webfont3e6e.ttf]
[kamleshyadav.com/html/educo/educo/educo_one_instructor/fonts/fontawesome-webfont3e6e.svg]
[kamleshyadav.com/html/educo/educo/educo_one_instructor/css/font-awesome.css]
[kamleshyadav.com/html/educo/educo/educo_one_instructor/css/owl.carousel.css]
[kamleshyadav.com/html/educo/educo/educo_one_instructor/css/animate.css]
[kamleshyadav.com/html/educo/educo/educo_one_instructor/fonts/star.eot]
[kamleshyadav.com/html/educo/educo/educo_one_instructor/fonts/stard41d.eot]
[kamleshyadav.com/html/educo/educo/educo_one_instructor/fonts/star.woff]
[kamleshyadav.com/html/educo/educo/educo_one_instructor/fonts/star.ttf]
[kamleshyadav.com/html/educo/educo/educo_one_instructor/fonts/star.svg]
[kamleshyadav.com/html/educo/educo/educo_one_instructor/images/content/section_3_bg.jpg]
[kamleshyadav.com/html/educo/educo/educo_one_instructor/images/content/section_6_bg.jpg]
[kamleshyadav.com/html/educo/educo/educo_one_instructor/images/content/brdcrm_bg.jpg]
[kamleshyadav.com/html/educo/educo/educo_one_instructor/images/content/mapbg.jpg]
[kamleshyadav.com/html/educo/educo/educo_one_instructor/images/blog/qoute_bg.png]
[kamleshyadav.com/html/educo/educo/educo_one_instructor/images/content/404_bg.jpg]
[kamleshyadav.com/html/educo/educo/educo_one_instructor/css/style.css]
[kamleshyadav.com/html/educo/educo/educo_one_instructor/js/plugins/revel/fonts/revicons90c6.eot]
[kamleshyadav.com/html/educo/educo/educo_one_instructor/js/plugins/revel/fonts/revicons90c6.woff]
[kamleshyadav.com/html/educo/educo/educo_one_instructor/js/plugins/revel/fonts/revicons90c6.ttf]
[kamleshyadav.com/html/educo/educo/educo_one_instructor/js/plugins/revel/fonts/revicons90c6.svg]
[kamleshyadav.com/html/educo/educo/educo_one_instructor/js/plugins/revel/openhand.cur]
[kamleshyadav.com/html/educo/educo/educo_one_instructor/js/plugins/revel/closedhand.cur]
[kamleshyadav.com/html/educo/educo/educo_one_instructor/js/plugins/revel/loader.gif]
[kamleshyadav.com/html/educo/educo/educo_one_instructor/js/plugins/revel/settings.css]
[kamleshyadav.com/html/educo/educo/educo_one_instructor/course.html]
[kamleshyadav.com/html/educo/educo/educo_one_instructor/fonts/glyphicons-halflings-regular.svg]
[kamleshyadav.com/html/educo/educo/educo_one_instructor/fonts/fontawesome-webfont3e6e.svg]
[kamleshyadav.com/html/educo/educo/educo_one_instructor/images/icon/owl.video.play.html]
[kamleshyadav.com/html/educo/educo/educo_one_instructor/fonts/star.svg]
[kamleshyadav.com/html/educo/educo/educo_one_instructor/js/plugins/revel/fonts/revicons90c6.svg]
[kamleshyadav.com/html/educo/educo/educo_one_instructor/js/plugins/revel/openhand.html]
[kamleshyadav.com/html/educo/educo/educo_one_instructor/js/plugins/revel/closedhand.html]
[kamleshyadav.com/html/educo/educo/educo_one_instructor/js/plugins/assets/gridtile.html]
[kamleshyadav.com/html/educo/educo/educo_one_instructor/js/plugins/assets/gridtile_white.html]
[kamleshyadav.com/html/educo/educo/educo_one_instructor/js/plugins/assets/gridtile_3x3.html]
[kamleshyadav.com/html/educo/educo/educo_one_instructor/js/plugins/assets/gridtile_3x3_white.html]
[kamleshyadav.com/html/educo/educo/educo_one_instructor/js/plugins/assets/coloredbg.html]
