[droitthemes.com/html/saasland/home-support.html]
[droitthemes.com/html/saasland/img/favicon.png]
[backblue.gif]
[fade.gif]
[index.html]
[droitthemes.com/html/saasland/css/bootstrap.min.css]
[droitthemes.com/html/saasland/vendors/bootstrap-selector/css/bootstrap-select.min.css]
[droitthemes.com/html/saasland/vendors/themify-icon/themify-icons.css]
[droitthemes.com/html/saasland/vendors/flaticon/flaticon.css]
[droitthemes.com/html/saasland/vendors/animation/animate.css]
[droitthemes.com/html/saasland/vendors/owl-carousel/assets/owl.carousel.min.css]
[droitthemes.com/html/saasland/vendors/nice-select/nice-select.css]
[droitthemes.com/html/saasland/vendors/magnify-pop/magnific-popup.css]
[droitthemes.com/html/saasland/vendors/scroll/jquery.mCustomScrollbar.min.css]
[droitthemes.com/html/saasland/vendors/elagent/style.css]
[droitthemes.com/html/saasland/css/style.css]
[droitthemes.com/html/saasland/css/responsive.css]
[droitthemes.com/html/saasland/img/logo.png]
[droitthemes.com/html/saasland/img/mega-menu-img/support.jpg]
[droitthemes.com/html/saasland/home-color.html]
[droitthemes.com/html/saasland/img/mega-menu-img/home-animation.jpg]
[droitthemes.com/html/saasland/home_analytics_software.html]
[droitthemes.com/html/saasland/img/mega-menu-img/analytices.jpg]
[droitthemes.com/html/saasland/home-hosting.html]
[droitthemes.com/html/saasland/img/mega-menu-img/hosting.jpg]
[droitthemes.com/html/saasland/home-pos.html]
[droitthemes.com/html/saasland/img/mega-menu-img/pos.jpg]
[droitthemes.com/html/saasland/home-erp.html]
[droitthemes.com/html/saasland/img/mega-menu-img/erp.jpg]
[droitthemes.com/html/saasland/home-prototype-two.html]
[droitthemes.com/html/saasland/img/mega-menu-img/Prototyping_Tool.jpg]
[droitthemes.com/html/saasland/home-payment-processing.html]
[droitthemes.com/html/saasland/img/mega-menu-img/home16.jpg]
[droitthemes.com/html/saasland/home-mail.html]
[droitthemes.com/html/saasland/img/mega-menu-img/home9.jpg]
[droitthemes.com/html/saasland/home-startup.html]
[droitthemes.com/html/saasland/img/mega-menu-img/home15.jpg]
[droitthemes.com/html/saasland/home-saas.html]
[droitthemes.com/html/saasland/img/mega-menu-img/home17.jpg]
[droitthemes.com/html/saasland/home-software-dark.html]
[droitthemes.com/html/saasland/img/mega-menu-img/home13.jpg]
[droitthemes.com/html/saasland/home-app-showcase.html]
[droitthemes.com/html/saasland/img/mega-menu-img/home14.jpg]
[droitthemes.com/html/saasland/home-digital-marketing.html]
[droitthemes.com/html/saasland/img/mega-menu-img/home11.jpg]
[droitthemes.com/html/saasland/home-cloud.html]
[droitthemes.com/html/saasland/img/mega-menu-img/home12.jpg]
[droitthemes.com/html/saasland/home-startup-two.html]
[droitthemes.com/html/saasland/img/mega-menu-img/home4.jpg]
[droitthemes.com/html/saasland/home-marketing-two.html]
[droitthemes.com/html/saasland/img/mega-menu-img/home3.jpg]
[droitthemes.com/html/saasland/home-payment-style2.html]
[droitthemes.com/html/saasland/img/mega-menu-img/home1.jpg]
[droitthemes.com/html/saasland/home-digital-marketing-two.html]
[droitthemes.com/html/saasland/img/mega-menu-img/home5.jpg]
[droitthemes.com/html/saasland/home-project-management.html]
[droitthemes.com/html/saasland/img/mega-menu-img/home8.jpg]
[droitthemes.com/html/saasland/home-saas-two.html]
[droitthemes.com/html/saasland/img/mega-menu-img/saas2-slider.png]
[droitthemes.com/html/saasland/home-company.html]
[droitthemes.com/html/saasland/img/mega-menu-img/home2.jpg]
[droitthemes.com/html/saasland/service-1.html]
[droitthemes.com/html/saasland/service-2.html]
[droitthemes.com/html/saasland/service-3.html]
[droitthemes.com/html/saasland/service-details.html]
[droitthemes.com/html/saasland/job-listing.html]
[droitthemes.com/html/saasland/job-details.html]
[droitthemes.com/html/saasland/job-apply.html]
[droitthemes.com/html/saasland/about.html]
[droitthemes.com/html/saasland/process.html]
[droitthemes.com/html/saasland/price.html]
[droitthemes.com/html/saasland/case-study.html]
[droitthemes.com/html/saasland/case-study-details.html]
[droitthemes.com/html/saasland/team.html]
[droitthemes.com/html/saasland/sign-up-1.html]
[droitthemes.com/html/saasland/sign-up-2.html]
[droitthemes.com/html/saasland/login.html]
[droitthemes.com/html/saasland/login-two.html]
[droitthemes.com/html/saasland/faq.html]
[droitthemes.com/html/saasland/contact-1.html]
[droitthemes.com/html/saasland/contact-2.html]
[droitthemes.com/html/saasland/thanks.html]
[droitthemes.com/html/saasland/coming-soon.html]
[droitthemes.com/html/saasland/404.html]
[droitthemes.com/html/saasland/404-two.html]
[droitthemes.com/html/saasland/index.52.delayed]
[droitthemes.com/html/saasland/portfolio-grid-2col.html]
[droitthemes.com/html/saasland/portfolio-grid-3columns.html]
[droitthemes.com/html/saasland/portfolio-grid-4columns.html]
[droitthemes.com/html/saasland/portfolio-grid-2col-2.html]
[droitthemes.com/html/saasland/portfolio-grid-2col-3.html]
[droitthemes.com/html/saasland/portfolio-grid-2col-4.html]
[droitthemes.com/html/saasland/portfolio-fullwidth-3columns.html]
[droitthemes.com/html/saasland/portfolio-fullwidth-4columns.html]
[droitthemes.com/html/saasland/portfolio-grid-fullwidth1.html]
[droitthemes.com/html/saasland/portfolio-grid-fullwidth2.html]
[droitthemes.com/html/saasland/portfolio-mas-2col.html]
[droitthemes.com/html/saasland/portfolio-mas-3col.html]
[droitthemes.com/html/saasland/portfolio-mas-4col.html]
[droitthemes.com/html/saasland/portfolio-mas-3col-2.html]
[droitthemes.com/html/saasland/portfolio-mas-4col-2.html]
[droitthemes.com/html/saasland/portfolio-details-1.html]
[droitthemes.com/html/saasland/portfolio-details-2.html]
[droitthemes.com/html/saasland/portfolio-details-3.html]
[droitthemes.com/html/saasland/shop-grid.html]
[droitthemes.com/html/saasland/shop-list.html]
[droitthemes.com/html/saasland/product-details-1.html]
[droitthemes.com/html/saasland/shoping-cart.html]
[droitthemes.com/html/saasland/checkout.html]
[droitthemes.com/html/saasland/wishlist.html]
[droitthemes.com/html/saasland/blog-grid.html]
[droitthemes.com/html/saasland/blog-grid-two.html]
[droitthemes.com/html/saasland/blog-list.html]
[droitthemes.com/html/saasland/blog-right-sidebar.html]
[droitthemes.com/html/saasland/blog-masonry.html]
[droitthemes.com/html/saasland/blog-masonry-two.html]
[droitthemes.com/html/saasland/blog-masonry-sidebar.html]
[droitthemes.com/html/saasland/blog-masonry-sidebar-two.html]
[droitthemes.com/html/saasland/blog-single.html]
[droitthemes.com/html/saasland/blog-single-two.html]
[droitthemes.com/html/saasland/Accordion.html]
[droitthemes.com/html/saasland/button.html]
[droitthemes.com/html/saasland/integration.html]
[droitthemes.com/html/saasland/client.html]
[droitthemes.com/html/saasland/subscribe.html]
[droitthemes.com/html/saasland/call-to-action.html]
[droitthemes.com/html/saasland/tab.html]
[droitthemes.com/html/saasland/testimonial.html]
[droitthemes.com/html/saasland/video.html]
[droitthemes.com/html/saasland/carosuel.html]
[droitthemes.com/html/saasland/google-map.html]
[droitthemes.com/html/saasland/contact-form.html]
[droitthemes.com/html/saasland/getapp.html]
[droitthemes.com/html/saasland/heading.html]
[droitthemes.com/html/saasland/blockquote.html]
[droitthemes.com/html/saasland/fun-fact.html]
[droitthemes.com/html/saasland/pagination.html]
[droitthemes.com/html/saasland/header-dark.html]
[droitthemes.com/html/saasland/header-style2.html]
[droitthemes.com/html/saasland/header-style3.html]
[droitthemes.com/html/saasland/header-style4.html]
[droitthemes.com/html/saasland/header-style5.html]
[droitthemes.com/html/saasland/header-style6.html]
[droitthemes.com/html/saasland/header-style7.html]
[droitthemes.com/html/saasland/header-style8.html]
[droitthemes.com/html/saasland/img/cart1.jpg]
[droitthemes.com/html/saasland/img/cart2.jpg]
[droitthemes.com/html/saasland/img/new-home/banner.png]
[droitthemes.com/html/saasland/img/home3/logo_01.png]
[droitthemes.com/html/saasland/img/home3/logo_02.png]
[droitthemes.com/html/saasland/img/home3/logo_03.png]
[droitthemes.com/html/saasland/img/home3/logo_04.png]
[droitthemes.com/html/saasland/img/home3/logo_05.png]
[droitthemes.com/html/saasland/img/new-home/ticket-support.png]
[droitthemes.com/html/saasland/img/new-home/email.png]
[droitthemes.com/html/saasland/img/new-home/tab_2.png]
[droitthemes.com/html/saasland/img/new-home/tab.png]
[droitthemes.com/html/saasland/img/new-home/tab_3.png]
[droitthemes.com/html/saasland/img/new-home/kissmetrics.png]
[droitthemes.com/html/saasland/img/new-home/metorik.png]
[droitthemes.com/html/saasland/img/new-home/nicereply-1.png]
[droitthemes.com/html/saasland/img/new-home/campfire.png]
[droitthemes.com/html/saasland/img/new-home/webhooks.png]
[droitthemes.com/html/saasland/img/new-home/briteverify.png]
[droitthemes.com/html/saasland/img/new-home/tree.png]
[droitthemes.com/html/saasland/img/new-home/p-2.png]
[droitthemes.com/html/saasland/img/new-home/p-3.png]
[droitthemes.com/html/saasland/img/home4/author_img.png]
[droitthemes.com/html/saasland/img/new-home/tree-left.png]
[droitthemes.com/html/saasland/img/new-home/tree-right.png]
[droitthemes.com/html/saasland/img/pos/leaf-left.png]
[droitthemes.com/html/saasland/img/pos/leaf-right.png]
[droitthemes.com/html/saasland/img/logo2.png]
[droitthemes.com/html/saasland/img/pos/women.png]
[droitthemes.com/html/saasland/img/pos/people.png]
[droitthemes.com/html/saasland/img/pos/man.png]
[droitthemes.com/html/saasland/js/propper.js]
[droitthemes.com/html/saasland/js/jquery-3.2.1.min.js]
[droitthemes.com/html/saasland/js/bootstrap.min.js]
[droitthemes.com/html/saasland/vendors/bootstrap-selector/js/bootstrap-select.min.js]
[droitthemes.com/html/saasland/vendors/wow/wow.min.js]
[droitthemes.com/html/saasland/vendors/sckroller/jquery.parallax-scroll.js]
[droitthemes.com/html/saasland/vendors/owl-carousel/owl.carousel.min.js]
[droitthemes.com/html/saasland/vendors/nice-select/jquery.nice-select.min.js]
[droitthemes.com/html/saasland/vendors/imagesloaded/imagesloaded.pkgd.min.js]
[droitthemes.com/html/saasland/vendors/isotope/isotope-min.js]
[droitthemes.com/html/saasland/vendors/magnify-pop/jquery.magnific-popup.min.js]
[droitthemes.com/html/saasland/js/plugins.js]
[droitthemes.com/html/saasland/vendors/scroll/jquery.mCustomScrollbar.concat.min.js]
[droitthemes.com/html/saasland/vendors/multiscroll/jquery.easings.min.js]
[droitthemes.com/html/saasland/vendors/multiscroll/multiscroll.responsiveExpand.limited.min.js]
[droitthemes.com/html/saasland/vendors/multiscroll/jquery.multiscroll.extensions.min.js]
[droitthemes.com/html/saasland/home-support.html]
[droitthemes.com/html/saasland/css/bootstrap.min.css]
[droitthemes.com/html/saasland/vendors/bootstrap-selector/css/bootstrap-select.min.css]
[droitthemes.com/html/saasland/js/main.js]
[droitthemes.com/html/saasland/vendors/themify-icon/fonts/themify9f24.eot]
[droitthemes.com/html/saasland/vendors/themify-icon/fonts/themifyd41d.eot]
[droitthemes.com/html/saasland/vendors/themify-icon/fonts/themify9f24.woff]
[droitthemes.com/html/saasland/vendors/themify-icon/fonts/themify9f24.ttf]
[droitthemes.com/html/saasland/vendors/themify-icon/fonts/themify9f24.svg]
[droitthemes.com/html/saasland/vendors/themify-icon/themify-icons.css]
[droitthemes.com/html/saasland/vendors/flaticon/Flaticon.c4.delayed]
[droitthemes.com/html/saasland/vendors/flaticon/Flaticon.c5d41d.delayed]
[droitthemes.com/html/saasland/vendors/flaticon/Flaticon.woff]
[droitthemes.com/html/saasland/vendors/flaticon/Flaticon.ttf]
[droitthemes.com/html/saasland/vendors/flaticon/Flaticon.svg]
[droitthemes.com/html/saasland/vendors/flaticon/flaticon.css]
[droitthemes.com/html/saasland/vendors/animation/animate.css]
[droitthemes.com/html/saasland/vendors/owl-carousel/assets/owl.video.play.c9.delayed]
[droitthemes.com/html/saasland/vendors/owl-carousel/assets/owl.carousel.min.css]
[droitthemes.com/html/saasland/vendors/nice-select/nice-select.css]
[droitthemes.com/html/saasland/vendors/magnify-pop/magnific-popup.css]
[droitthemes.com/html/saasland/vendors/scroll/mCSB_buttons.ca.delayed]
[droitthemes.com/html/saasland/vendors/scroll/jquery.mCustomScrollbar.min.css]
[droitthemes.com/html/saasland/vendors/elagent/fonts/ElegantIcons.eot]
[droitthemes.com/html/saasland/vendors/elagent/fonts/ElegantIconsd41d.eot]
[droitthemes.com/html/saasland/vendors/elagent/fonts/ElegantIcons.woff]
[droitthemes.com/html/saasland/vendors/elagent/fonts/ElegantIcons.ttf]
[droitthemes.com/html/saasland/vendors/elagent/fonts/ElegantIcons.svg]
[droitthemes.com/html/saasland/vendors/elagent/style.css]
[droitthemes.com/html/saasland/img/home5/shap_tecture.png]
[droitthemes.com/html/saasland/img/home7/banner.png]
[droitthemes.com/html/saasland/img/new/startup_banner_bg.png]
[droitthemes.com/html/saasland/img/new/startup_shap.png]
[droitthemes.com/html/saasland/img/new/digital_img.png]
[droitthemes.com/html/saasland/img/new/shape_bg.png]
[droitthemes.com/html/saasland/img/new/solution_01.jpg]
[droitthemes.com/html/saasland/img/new/solution_02.jpg]
[droitthemes.com/html/saasland/img/new/tab_shape_bg.png]
[droitthemes.com/html/saasland/img/home9/shape_two.png]
[droitthemes.com/html/saasland/img/home9/icon_shape_two.png]
[droitthemes.com/html/saasland/img/new/new_shape.png]
[droitthemes.com/html/saasland/img/saas/map.png]
[droitthemes.com/html/saasland/img/home4/action_shap.png]
[droitthemes.com/html/saasland/img/new/price_bg.png]
[droitthemes.com/html/saasland/img/new/feedback_shap.png]
[droitthemes.com/html/saasland/img/home9/triangle_top.png]
[droitthemes.com/html/saasland/img/home9/triangle_bottom.png]
[droitthemes.com/html/saasland/img/new/testimonial_bg.png]
[droitthemes.com/html/saasland/img/new/testimonial_bg_two.png]
[droitthemes.com/html/saasland/img/new/leaf.png]
[droitthemes.com/html/saasland/img/new/video_bg.jpg]
[droitthemes.com/html/saasland/img/seo/shap.png]
[droitthemes.com/html/saasland/img/seo/cloud_bg.png]
[droitthemes.com/html/saasland/img/error_bg.png]
[droitthemes.com/html/saasland/img/new/case/parallax.png]
[droitthemes.com/html/saasland/img/new/home-split/contact.png]
[droitthemes.com/html/saasland/img/hosting/map.png]
[droitthemes.com/html/saasland/img/hosting/region_map.png]
[droitthemes.com/html/saasland/img/erp-home/background.png]
[droitthemes.com/html/saasland/img/erp-home/shape.png]
[droitthemes.com/html/saasland/img/pos/shape_bg.png]
[droitthemes.com/html/saasland/img/home-software/down_bg.png]
[droitthemes.com/html/saasland/img/home9/footer.png]
[droitthemes.com/html/saasland/img/home9/flag.png]
[droitthemes.com/html/saasland/img/seo/footer_bg.png]
[droitthemes.com/html/saasland/img/seo/car.png]
[droitthemes.com/html/saasland/img/seo/bike.png]
[droitthemes.com/html/saasland/css/style.css]
[droitthemes.com/html/saasland/css/responsive.css]
[droitthemes.com/html/saasland/vendors/simple-line-icon/simple-line-icons.css]
[droitthemes.com/html/saasland/vendors/font-awesome/css/all.css]
[droitthemes.com/html/saasland/vendors/slick/slick.css]
[droitthemes.com/html/saasland/vendors/slick/slick-theme.css]
[droitthemes.com/html/saasland/vendors/pagepiling/jquery.pagepiling.css]
[droitthemes.com/html/saasland/img/Home-color/triangle.png]
[droitthemes.com/html/saasland/img/Home-color/snak.png]
[droitthemes.com/html/saasland/img/Home-color/block.png]
[droitthemes.com/html/saasland/img/Home-color/first_bg.jpg]
[droitthemes.com/html/saasland/img/Home-color/mackbook.png]
[droitthemes.com/html/saasland/img/Home-color/dot_one.png]
[droitthemes.com/html/saasland/img/Home-color/block2.png]
[droitthemes.com/html/saasland/img/Home-color/background_2.jpg]
[droitthemes.com/html/saasland/img/Home-color/mackbook/tablet_02.png]
[droitthemes.com/html/saasland/img/Home-color/mackbook/tablet_01.png]
[droitthemes.com/html/saasland/img/Home-color/mackbook/tablet_03.png]
[droitthemes.com/html/saasland/img/Home-color/mackbook/tablet_04.png]
[droitthemes.com/html/saasland/img/Home-color/background_3.png]
[droitthemes.com/html/saasland/img/Home-color/iphone-x.png]
[droitthemes.com/html/saasland/img/Home-color/bar.png]
[droitthemes.com/html/saasland/img/Home-color/upload.png]
[droitthemes.com/html/saasland/img/Home-color/writing.png]
[droitthemes.com/html/saasland/img/Home-color/background_4.png]
[droitthemes.com/html/saasland/img/Home-color/tablet_03.png]
[droitthemes.com/html/saasland/img/Home-color/iphone-2.png]
[droitthemes.com/html/saasland/img/Home-color/testimonial_img.jpg]
[droitthemes.com/html/saasland/img/Home-color/contact_bg.jpg]
[droitthemes.com/html/saasland/vendors/circle-progress/circle-progress.js]
[ajax.aspnetcdn.com/ajax/modernizr/modernizr-2.7.2.js]
[droitthemes.com/html/saasland/vendors/pagepiling/jquery.pagepiling.js]
[droitthemes.com/html/saasland/vendors/counterup/jquery.counterup.min.js]
[droitthemes.com/html/saasland/vendors/counterup/jquery.waypoints.min.js]
[droitthemes.com/html/saasland/vendors/counterup/appear.js]
[droitthemes.com/html/saasland/vendors/slick/slick.min.js]
[droitthemes.com/html/saasland/home-color.html]
[droitthemes.com/html/saasland/img/home-software/elements_one.png]
[droitthemes.com/html/saasland/img/home-software/elements_two.png]
[droitthemes.com/html/saasland/img/home-software/elements_three.png]
[droitthemes.com/html/saasland/img/home-software/elements_four.png]
[droitthemes.com/html/saasland/img/home-software/elements_five.png]
[droitthemes.com/html/saasland/img/home-software/elements_six.png]
[droitthemes.com/html/saasland/img/home-software/pie.png]
[droitthemes.com/html/saasland/img/erp-home/settings1.png]
[droitthemes.com/html/saasland/img/erp-home/cloud-computing.png]
[droitthemes.com/html/saasland/img/erp-home/growth.png]
[droitthemes.com/html/saasland/img/home-software/analytices3.png]
[droitthemes.com/html/saasland/img/home-software/analytices2.png]
[droitthemes.com/html/saasland/img/home-software/analytices1.png]
[droitthemes.com/html/saasland/img/home-software/analytices4.png]
[droitthemes.com/html/saasland/img/home-software/analytices6.jpg]
[droitthemes.com/html/saasland/img/home-software/analytices7.jpg]
[droitthemes.com/html/saasland/img/home-software/analytices8.jpg]
[droitthemes.com/html/saasland/img/home-software/analytices5.jpg]
[droitthemes.com/html/saasland/img/home-software/shap_one.png]
[droitthemes.com/html/saasland/img/home-software/shap_two.png]
[droitthemes.com/html/saasland/img/home-software/case.png]
[droitthemes.com/html/saasland/img/home-software/setup_img1.png]
[droitthemes.com/html/saasland/img/home-software/setup_img2.png]
[droitthemes.com/html/saasland/img/home-software/setup_img3.png]
[droitthemes.com/html/saasland/img/home-software/logo_01.png]
[droitthemes.com/html/saasland/img/home-software/logo_02.png]
[droitthemes.com/html/saasland/img/home-software/logo_03.png]
[droitthemes.com/html/saasland/img/home-software/logo_04.png]
[droitthemes.com/html/saasland/img/home-software/logo_05.png]
[droitthemes.com/html/saasland/img/home-software/logo_06.png]
[droitthemes.com/html/saasland/img/home-software/logo_07.png]
[droitthemes.com/html/saasland/img/home-software/logo_08.png]
[droitthemes.com/html/saasland/img/home-software/logo_09.png]
[droitthemes.com/html/saasland/img/home-software/logo_10.png]
[droitthemes.com/html/saasland/img/home-software/logo_11.png]
[droitthemes.com/html/saasland/img/home-software/logo_12.png]
[droitthemes.com/html/saasland/img/home-software/mackbook.png]
[droitthemes.com/html/saasland/img/erp-home/rocket.png]
[droitthemes.com/html/saasland/home_analytics_software.html]
[droitthemes.com/html/saasland/img/hosting/line_01.png]
[droitthemes.com/html/saasland/img/hosting/line_02.png]
[droitthemes.com/html/saasland/img/hosting/line_03.png]
[droitthemes.com/html/saasland/img/hosting/line_04.png]
[droitthemes.com/html/saasland/img/hosting/line_05.png]
[droitthemes.com/html/saasland/img/hosting/line_06.png]
[droitthemes.com/html/saasland/img/hosting/line_07.png]
[droitthemes.com/html/saasland/img/hosting/line_08.png]
[droitthemes.com/html/saasland/img/hosting/hosting-image.png]
[droitthemes.com/html/saasland/img/hosting/icon1.png]
[droitthemes.com/html/saasland/img/hosting/icon2.png]
[droitthemes.com/html/saasland/img/hosting/icon3.png]
[droitthemes.com/html/saasland/img/hosting/icon4.png]
[droitthemes.com/html/saasland/img/hosting/icon5.png]
[droitthemes.com/html/saasland/img/hosting/icon6.png]
[droitthemes.com/html/saasland/img/hosting/business1.png]
[droitthemes.com/html/saasland/img/hosting/icon7.png]
[droitthemes.com/html/saasland/img/hosting/icon8.png]
[droitthemes.com/html/saasland/img/hosting/business2.png]
[droitthemes.com/html/saasland/img/hosting/icon9.png]
[droitthemes.com/html/saasland/img/hosting/icon10.png]
[droitthemes.com/html/saasland/img/hosting/action_img.png]
[droitthemes.com/html/saasland/img/hosting/h_blog1.jpg]
[droitthemes.com/html/saasland/img/hosting/h_blog2.jpg]
[droitthemes.com/html/saasland/img/hosting/hosting_action_bg.png]
[droitthemes.com/html/saasland/home-hosting.html]
[droitthemes.com/html/saasland/img/pos/pos_slideshow1.jpg]
[droitthemes.com/html/saasland/img/pos/pos_slideshow2.jpg]
[droitthemes.com/html/saasland/img/pos/pos_slideshow3.jpg]
[droitthemes.com/html/saasland/img/pos/shape.png]
[droitthemes.com/html/saasland/img/pos/pattern_01.png]
[droitthemes.com/html/saasland/img/pos/icon1.png]
[droitthemes.com/html/saasland/img/pos/icon2.png]
[droitthemes.com/html/saasland/img/pos/icon3.png]
[droitthemes.com/html/saasland/img/pos/pattern_02.png]
[droitthemes.com/html/saasland/img/pos/laptop.png]
[droitthemes.com/html/saasland/img/pos/statistics.png]
[droitthemes.com/html/saasland/img/pos/delivery-truck.png]
[droitthemes.com/html/saasland/img/pos/cash-register.png]
[droitthemes.com/html/saasland/img/pos/credit-card.png]
[droitthemes.com/html/saasland/img/pos/mailbox.png]
[droitthemes.com/html/saasland/img/pos/High-end-all-in-one-dual-screen.png]
[droitthemes.com/html/saasland/img/pos/tab_pattern.png]
[droitthemes.com/html/saasland/img/pos/ezgif-1-997e5035cba4.png]
[droitthemes.com/html/saasland/img/pos/pos.png]
[droitthemes.com/html/saasland/img/pos/b_dashboard.png]
[droitthemes.com/html/saasland/img/pos/item1.png]
[droitthemes.com/html/saasland/img/pos/item2.png]
[droitthemes.com/html/saasland/img/pos/item3.png]
[droitthemes.com/html/saasland/img/pos/pos_about_img.png]
[droitthemes.com/html/saasland/img/pos/pos_blog_1.png]
[droitthemes.com/html/saasland/img/pos/pos_blog_2.png]
[droitthemes.com/html/saasland/img/pos/pos_blog_3.png]
[droitthemes.com/html/saasland/img/pos/chat.png]
[droitthemes.com/html/saasland/img/pos/fotter_shap.png]
[droitthemes.com/html/saasland/home-pos.html]
[droitthemes.com/html/saasland/img/erp-home/cloud_01.png]
[droitthemes.com/html/saasland/img/erp-home/cloud_02.png]
[droitthemes.com/html/saasland/img/erp-home/cloud_03.png]
[droitthemes.com/html/saasland/img/erp-home/cloud_04.png]
[droitthemes.com/html/saasland/img/erp-home/cloud_05.png]
[droitthemes.com/html/saasland/img/erp-home/cloud_06.png]
[droitthemes.com/html/saasland/img/erp-home/banner_shap.png]
[droitthemes.com/html/saasland/img/erp-home/erp_dashboard.jpg]
[droitthemes.com/html/saasland/img/erp-home/erp_icon1.png]
[droitthemes.com/html/saasland/img/erp-home/erp_icon2.png]
[droitthemes.com/html/saasland/img/erp-home/erp_icon3.png]
[droitthemes.com/html/saasland/img/erp-home/erp_icon4.png]
[droitthemes.com/html/saasland/img/erp-home/erp_icon5.png]
[droitthemes.com/html/saasland/img/erp-home/erp_icon6.png]
[droitthemes.com/html/saasland/img/erp-home/action_img.png]
[droitthemes.com/html/saasland/img/erp-home/crm_img1.jpg]
[droitthemes.com/html/saasland/img/erp-home/crm_img2.jpg]
[droitthemes.com/html/saasland/img/erp-home/crm_img3.jpg]
[droitthemes.com/html/saasland/img/erp-home/img/01.png]
[droitthemes.com/html/saasland/img/erp-home/img/02.png]
[droitthemes.com/html/saasland/img/erp-home/img/03.png]
[droitthemes.com/html/saasland/img/erp-home/img/04.png]
[droitthemes.com/html/saasland/img/erp-home/img/05.png]
[droitthemes.com/html/saasland/img/erp-home/img/06.png]
[droitthemes.com/html/saasland/img/erp-home/img/07.png]
[droitthemes.com/html/saasland/img/erp-home/img/08.png]
[droitthemes.com/html/saasland/img/erp-home/img/09.png]
[droitthemes.com/html/saasland/img/erp-home/img/10.png]
[droitthemes.com/html/saasland/img/erp-home/img/11.png]
[droitthemes.com/html/saasland/img/erp-home/img/12.png]
[droitthemes.com/html/saasland/img/erp-home/img/14.png]
[droitthemes.com/html/saasland/img/erp-home/img/15.png]
[droitthemes.com/html/saasland/img/erp-home/img/16.png]
[droitthemes.com/html/saasland/img/erp-home/img/17.png]
[droitthemes.com/html/saasland/img/erp-home/img/18.png]
[droitthemes.com/html/saasland/img/erp-home/img/19.png]
[droitthemes.com/html/saasland/img/erp-home/img/20.png]
[droitthemes.com/html/saasland/img/erp-home/testimonial_img.jpg]
[droitthemes.com/html/saasland/img/erp-home/testimonial_img2.jpg]
[droitthemes.com/html/saasland/home-erp.html]
[droitthemes.com/html/saasland/img/seo/triangle_one.png]
[droitthemes.com/html/saasland/img/seo/triangle_two.png]
[droitthemes.com/html/saasland/img/seo/triangle_three.png]
[droitthemes.com/html/saasland/img/seo/image.png]
[droitthemes.com/html/saasland/img/seo/icon1.png]
[droitthemes.com/html/saasland/img/seo/icon2.png]
[droitthemes.com/html/saasland/img/seo/icon5.png]
[droitthemes.com/html/saasland/img/seo/features_img.png]
[droitthemes.com/html/saasland/img/seo/icon4.png]
[droitthemes.com/html/saasland/img/seo/icon3.png]
[droitthemes.com/html/saasland/img/seo/features_img_two.png]
[droitthemes.com/html/saasland/img/seo/cloud.png]
[droitthemes.com/html/saasland/img/seo/studies_img_one.jpg]
[droitthemes.com/html/saasland/img/seo/studies_img_two.jpg]
[droitthemes.com/html/saasland/img/seo/studies_img_three.jpg]
[droitthemes.com/html/saasland/img/new/member_01.jpg]
[droitthemes.com/html/saasland/img/seo/logo_01.png]
[droitthemes.com/html/saasland/img/seo/logo_02.png]
[droitthemes.com/html/saasland/img/seo/logo_03.png]
[droitthemes.com/html/saasland/img/seo/logo_04.png]
[droitthemes.com/html/saasland/img/seo/logo_05.png]
[droitthemes.com/html/saasland/img/seo/logo_06.png]
[droitthemes.com/html/saasland/img/seo/logo_07.png]
[droitthemes.com/html/saasland/img/seo/logo_08.png]
[droitthemes.com/html/saasland/img/seo/logo_09.png]
[droitthemes.com/html/saasland/home-prototype-two.html]
[droitthemes.com/html/saasland/img/home9/mac.png]
[droitthemes.com/html/saasland/img/home9/shape.png]
[droitthemes.com/html/saasland/img/home9/featured_img.png]
[droitthemes.com/html/saasland/img/home9/icon_shape.png]
[droitthemes.com/html/saasland/img/home9/icon1.png]
[droitthemes.com/html/saasland/img/home9/featured_img_two.png]
[droitthemes.com/html/saasland/img/home9/icon2.png]
[droitthemes.com/html/saasland/img/home9/icon3.png]
[droitthemes.com/html/saasland/img/home9/icon4.png]
[droitthemes.com/html/saasland/img/home9/icon7.png]
[droitthemes.com/html/saasland/img/home9/icon5.png]
[droitthemes.com/html/saasland/img/home9/icon8.png]
[droitthemes.com/html/saasland/img/home9/icon6.png]
[droitthemes.com/html/saasland/img/home9/logo1.png]
[droitthemes.com/html/saasland/img/home9/logo2.png]
[droitthemes.com/html/saasland/img/home9/logo3.png]
[droitthemes.com/html/saasland/img/home9/logo4.png]
[droitthemes.com/html/saasland/img/home9/logo5.png]
[droitthemes.com/html/saasland/img/home9/logo6.png]
[droitthemes.com/html/saasland/img/home9/logo7.png]
[droitthemes.com/html/saasland/img/home9/logo8.png]
[droitthemes.com/html/saasland/img/home9/testimonial_img.png]
[droitthemes.com/html/saasland/home-payment-processing.html]
[droitthemes.com/html/saasland/img/home2/women.png]
[droitthemes.com/html/saasland/img/home2/mobile.png]
[droitthemes.com/html/saasland/img/home2/shape_02.png]
[droitthemes.com/html/saasland/img/home2/shape_03.png]
[droitthemes.com/html/saasland/img/home2/shape_01.png]
[droitthemes.com/html/saasland/img/home2/shape.png]
[droitthemes.com/html/saasland/img/home2/featureimg1.png]
[droitthemes.com/html/saasland/img/home2/featureimg1-1.png]
[droitthemes.com/html/saasland/img/home2/featureimg1-2.png]
[droitthemes.com/html/saasland/img/home2/f_icon_shape1.png]
[droitthemes.com/html/saasland/img/home2/02.png]
[droitthemes.com/html/saasland/img/home2/01.png]
[droitthemes.com/html/saasland/img/home2/03.png]
[droitthemes.com/html/saasland/img/home2/04.png]
[droitthemes.com/html/saasland/img/home2/f_icon_shape2.png]
[droitthemes.com/html/saasland/img/home2/undraw.png]
[droitthemes.com/html/saasland/img/home2/inbox.png]
[droitthemes.com/html/saasland/img/home2/file.png]
[droitthemes.com/html/saasland/img/home2/report.png]
[droitthemes.com/html/saasland/img/home2/price-2.png]
[droitthemes.com/html/saasland/img/home2/price-3.png]
[droitthemes.com/html/saasland/img/home2/price-1.png]
[droitthemes.com/html/saasland/img/home2/app_bg.png]
[droitthemes.com/html/saasland/img/home2/bg_shape.png]
[droitthemes.com/html/saasland/img/home2/overview.png]
[droitthemes.com/html/saasland/home-mail.html]
[droitthemes.com/html/saasland/img/home8/banner_img.png]
[droitthemes.com/html/saasland/img/home4/icon_shape1.png]
[droitthemes.com/html/saasland/img/home4/icon_shape2.png]
[droitthemes.com/html/saasland/img/home4/icon_shape3.png]
[droitthemes.com/html/saasland/img/home4/team1.jpg]
[droitthemes.com/html/saasland/img/home4/team2.jpg]
[droitthemes.com/html/saasland/img/home8/dot.png]
[droitthemes.com/html/saasland/img/home4/work1.png]
[droitthemes.com/html/saasland/img/home8/service_item_03.png]
[droitthemes.com/html/saasland/img/home4/icon02.png]
[droitthemes.com/html/saasland/img/home8/fact.png]
[droitthemes.com/html/saasland/home-startup.html]
[droitthemes.com/html/saasland/img/home-10/shape.png]
[droitthemes.com/html/saasland/img/home-10/dashboard_img.png]
[droitthemes.com/html/saasland/img/home-10/icon1.png]
[droitthemes.com/html/saasland/img/home-10/icon2.png]
[droitthemes.com/html/saasland/img/home-10/icon3.png]
[droitthemes.com/html/saasland/img/home-10/service_one.png]
[droitthemes.com/html/saasland/img/home-10/Design.png]
[droitthemes.com/html/saasland/img/home-10/enterprice.png]
[droitthemes.com/html/saasland/img/home-10/Development.png]
[droitthemes.com/html/saasland/img/logo3.png]
[droitthemes.com/html/saasland/home-saas.html]
[droitthemes.com/html/saasland/img/home6/shape-1.png]
[droitthemes.com/html/saasland/img/home6/shape2.png]
[droitthemes.com/html/saasland/img/home6/dashboard.jpg]
[droitthemes.com/html/saasland/img/home6/featured_img_one.jpg]
[droitthemes.com/html/saasland/img/home6/featured_img_two.jpg]
[droitthemes.com/html/saasland/img/home6/trust_img2.png]
[droitthemes.com/html/saasland/img/home6/feedback_img_two.png]
[droitthemes.com/html/saasland/img/home6/feedback_img_three.png]
[droitthemes.com/html/saasland/img/home6/logo_01.png]
[droitthemes.com/html/saasland/img/home6/logo_02.png]
[droitthemes.com/html/saasland/img/home6/logo_03.png]
[droitthemes.com/html/saasland/img/home6/logo_04.png]
[droitthemes.com/html/saasland/img/home6/logo_05.png]
[droitthemes.com/html/saasland/home-software-dark.html]
[droitthemes.com/html/saasland/img/home7/01.png]
[droitthemes.com/html/saasland/img/home7/03.png]
[droitthemes.com/html/saasland/img/home7/02.png]
[droitthemes.com/html/saasland/img/home7/app.png]
[droitthemes.com/html/saasland/img/home7/text_one.png]
[droitthemes.com/html/saasland/img/home7/text_three.png]
[droitthemes.com/html/saasland/img/home7/text_two.png]
[droitthemes.com/html/saasland/img/home7/iPhonex.png]
[droitthemes.com/html/saasland/img/home7/testimonial_author_img.png]
[droitthemes.com/html/saasland/img/home7/screenshot1.png]
[droitthemes.com/html/saasland/img/home7/screenshot2.png]
[droitthemes.com/html/saasland/img/home7/screenshot3.png]
[droitthemes.com/html/saasland/img/home7/screenshot4.png]
[droitthemes.com/html/saasland/img/home7/screenshot5.png]
[droitthemes.com/html/saasland/img/home7/google_icon.png]
[droitthemes.com/html/saasland/img/home7/iPhonex2.png]
[droitthemes.com/html/saasland/img/home7/team_01.jpg]
[droitthemes.com/html/saasland/img/home7/team_02.jpg]
[droitthemes.com/html/saasland/img/home7/team_03.jpg]
[droitthemes.com/html/saasland/img/home7/team_04.jpg]
[droitthemes.com/html/saasland/home-app-showcase.html]
[droitthemes.com/html/saasland/img/home4/banner_bg.png]
[droitthemes.com/html/saasland/img/home4/banner_img.png]
[droitthemes.com/html/saasland/img/home4/icon_shape4.png]
[droitthemes.com/html/saasland/img/home4/dot.png]
[droitthemes.com/html/saasland/img/home4/work2.png]
[droitthemes.com/html/saasland/img/home4/work3.png]
[droitthemes.com/html/saasland/img/home4/icon3.png]
[droitthemes.com/html/saasland/home-digital-marketing.html]
[droitthemes.com/html/saasland/img/home5/banner_img.png]
[droitthemes.com/html/saasland/img/home5/icon_shape.png]
[droitthemes.com/html/saasland/img/home5/icon1.png]
[droitthemes.com/html/saasland/img/home5/icon2.png]
[droitthemes.com/html/saasland/img/home5/icon3.png]
[droitthemes.com/html/saasland/img/home5/design1.png]
[droitthemes.com/html/saasland/img/home5/design2.png]
[droitthemes.com/html/saasland/img/home5/featured_img1.png]
[droitthemes.com/html/saasland/img/home5/php.jpg]
[droitthemes.com/html/saasland/img/home5/01.jpg]
[droitthemes.com/html/saasland/img/home5/02.jpg]
[droitthemes.com/html/saasland/img/home5/03.jpg]
[droitthemes.com/html/saasland/home-cloud.html]
[droitthemes.com/html/saasland/img/new/0222.png]
[droitthemes.com/html/saasland/img/new/0111.png]
[droitthemes.com/html/saasland/img/new/cup.png]
[droitthemes.com/html/saasland/img/new/web_image.jpg]
[droitthemes.com/html/saasland/img/new/iPhoneX.png]
[droitthemes.com/html/saasland/img/new/intregration_1.png]
[droitthemes.com/html/saasland/img/new/intregration_2.png]
[droitthemes.com/html/saasland/img/new/intregration_3.png]
[droitthemes.com/html/saasland/img/new/intregration_4.png]
[droitthemes.com/html/saasland/home-startup-two.html]
[droitthemes.com/html/saasland/img/new/line_01.png]
[droitthemes.com/html/saasland/img/new/line_02.png]
[droitthemes.com/html/saasland/img/new/line_03.png]
[droitthemes.com/html/saasland/img/new/startup_banner_img.png]
[droitthemes.com/html/saasland/img/new/laptop.png]
[droitthemes.com/html/saasland/img/new/phone.png]
[droitthemes.com/html/saasland/img/new/testimonial_bg_shap.png]
[droitthemes.com/html/saasland/home-marketing-two.html]
[droitthemes.com/html/saasland/img/new/laptop_two.png]
[droitthemes.com/html/saasland/img/new/01.png]
[droitthemes.com/html/saasland/img/new/02.png]
[droitthemes.com/html/saasland/img/new/03.png]
[droitthemes.com/html/saasland/img/new/04.png]
[droitthemes.com/html/saasland/img/new/05.png]
[droitthemes.com/html/saasland/img/new/06.png]
[droitthemes.com/html/saasland/img/new/icon.png]
[droitthemes.com/html/saasland/img/new/icon2.png]
[droitthemes.com/html/saasland/img/new/icon3.png]
[droitthemes.com/html/saasland/img/new/icon/icon1.png]
[droitthemes.com/html/saasland/img/new/icon/icon2.png]
[droitthemes.com/html/saasland/img/new/features_01.png]
[droitthemes.com/html/saasland/img/new/app_screen.png]
[droitthemes.com/html/saasland/img/new/logo_01.png]
[droitthemes.com/html/saasland/img/new/logo_02.png]
[droitthemes.com/html/saasland/img/new/logo_03.png]
[droitthemes.com/html/saasland/img/new/logo_04.png]
[droitthemes.com/html/saasland/img/new/logo_05.png]
[droitthemes.com/html/saasland/home-payment-style2.html]
[droitthemes.com/html/saasland/img/new/video_img_01.png]
[droitthemes.com/html/saasland/img/portfolio/3-columns/3_col_1.jpg]
[droitthemes.com/html/saasland/work-default.html]
[droitthemes.com/html/saasland/img/portfolio/3-columns/3_col_2.jpg]
[droitthemes.com/html/saasland/img/portfolio/3-columns/3_col_4.jpg]
[droitthemes.com/html/saasland/img/portfolio/3-columns/3_col_5.jpg]
[droitthemes.com/html/saasland/img/portfolio/3-columns/3_col_6.jpg]
[droitthemes.com/html/saasland/img/portfolio/3-columns/3_col_7.jpg]
[droitthemes.com/html/saasland/home-digital-marketing-two.html]
[droitthemes.com/html/saasland/img/mega-menu-img/icon/blup.png]
[droitthemes.com/html/saasland/img/saas/banner_img.jpg]
[droitthemes.com/html/saasland/img/saas/features1.png]
[droitthemes.com/html/saasland/img/saas/features2.png]
[droitthemes.com/html/saasland/img/br_logo.png]
[droitthemes.com/html/saasland/img/saas/icon/slack.png]
[droitthemes.com/html/saasland/img/saas/icon/Avast.png]
[droitthemes.com/html/saasland/img/saas/icon/asan.png]
[droitthemes.com/html/saasland/img/saas/icon/trello.png]
[droitthemes.com/html/saasland/img/saas/icon/torrent.png]
[droitthemes.com/html/saasland/img/saas/icon/twitter.png]
[droitthemes.com/html/saasland/img/saas/icon/cool.png]
[droitthemes.com/html/saasland/img/saas/icon/dropbox.png]
[droitthemes.com/html/saasland/img/saas/icon/instagram.png]
[droitthemes.com/html/saasland/img/saas/price_line1.png]
[droitthemes.com/html/saasland/img/saas/price_line2.png]
[droitthemes.com/html/saasland/img/saas/price_line3.png]
[droitthemes.com/html/saasland/home-project-management.html]
[droitthemes.com/html/saasland/img/new/mockup/Watch.png]
[droitthemes.com/html/saasland/img/new/mockup/Laptop.png]
[droitthemes.com/html/saasland/img/new/mockup/Iphone.png]
[droitthemes.com/html/saasland/img/new/mockup/dashboard.png]
[droitthemes.com/html/saasland/img/new/mockup/featured_01.png]
[droitthemes.com/html/saasland/img/new/mockup/featured_02.png]
[droitthemes.com/html/saasland/img/price/one.png]
[droitthemes.com/html/saasland/img/price/two.png]
[droitthemes.com/html/saasland/img/price/three.png]
[droitthemes.com/html/saasland/vendors/stellar/jquery.stellar.js]
[droitthemes.com/html/saasland/home-saas-two.html]
[droitthemes.com/html/saasland/img/new/company.jpg]
[droitthemes.com/html/saasland/img/portfolio/full-width/mas-3col-1.jpg]
[droitthemes.com/html/saasland/img/portfolio/full-width/mas-3col-2.jpg]
[droitthemes.com/html/saasland/img/portfolio/full-width/mas-3col-3.jpg]
[droitthemes.com/html/saasland/img/portfolio/full-width/mas-3col-6.jpg]
[droitthemes.com/html/saasland/img/portfolio/full-width/mas-3col-5.jpg]
[droitthemes.com/html/saasland/img/portfolio/full-width/mas-3col-4.jpg]
[droitthemes.com/html/saasland/img/portfolio/full-width/mas-3col-9.jpg]
[droitthemes.com/html/saasland/img/portfolio/full-width/mas-3col-7.jpg]
[droitthemes.com/html/saasland/img/portfolio/full-width/mas-3col-8.jpg]
[droitthemes.com/html/saasland/img/portfolio/full-width/mas-3col-10.jpg]
[droitthemes.com/html/saasland/img/portfolio/full-width/mas-3col-11.jpg]
[droitthemes.com/html/saasland/img/portfolio/full-width/mas-3col-12.jpg]
[droitthemes.com/html/saasland/home-company.html]
[droitthemes.com/html/saasland/heading-style.html]
[droitthemes.com/html/saasland/alart.html]
[droitthemes.com/html/saasland/img/breadcrumb/banner_bg.png]
[droitthemes.com/html/saasland/service-1.html]
[droitthemes.com/html/saasland/img/breadcrumb/service.png]
[droitthemes.com/html/saasland/img/breadcrumb/service_details.png]
[droitthemes.com/html/saasland/service-2.html]
[droitthemes.com/html/saasland/img/breadcrumb/service_details_one.png]
[droitthemes.com/html/saasland/service-3.html]
[droitthemes.com/html/saasland/service-details.html]
[droitthemes.com/html/saasland/img/Img-03.jpg]
[droitthemes.com/html/saasland/img/process/Avast_Antivirus.png]
[droitthemes.com/html/saasland/img/process/png-logo-design.png]
[droitthemes.com/html/saasland/img/process/UTorrent_(logo).png]
[droitthemes.com/html/saasland/img/process/btFMmsoh.png]
[droitthemes.com/html/saasland/img/process/ASAN-logo-icon.png]
[droitthemes.com/html/saasland/img/process/logo-slack.png]
[droitthemes.com/html/saasland/job-listing.html]
[droitthemes.com/html/saasland/img/Img-05.jpg]
[droitthemes.com/html/saasland/job-details.html]
[droitthemes.com/html/saasland/img/Img-01.jpg]
[droitthemes.com/html/saasland/job-apply.html]
[droitthemes.com/html/saasland/about.html]
[droitthemes.com/html/saasland/img/process/divider.png]
[droitthemes.com/html/saasland/img/process/process_1.png]
[droitthemes.com/html/saasland/img/process/process_3.png]
[droitthemes.com/html/saasland/img/process/process_4.png]
[droitthemes.com/html/saasland/img/process/icon_04.png]
[droitthemes.com/html/saasland/img/process/process_5.png]
[droitthemes.com/html/saasland/img/process/icon_05.png]
[droitthemes.com/html/saasland/process.html]
[droitthemes.com/html/saasland/price.html]
[droitthemes.com/html/saasland/img/new/case/case_01.jpg]
[droitthemes.com/html/saasland/img/new/case/case_02.jpg]
[droitthemes.com/html/saasland/img/new/case/case_03.jpg]
[droitthemes.com/html/saasland/img/new/case/case_04.jpg]
[droitthemes.com/html/saasland/img/new/case/case_05.jpg]
[droitthemes.com/html/saasland/img/new/case/case_06.jpg]
[droitthemes.com/html/saasland/img/new/case/case_07.jpg]
[droitthemes.com/html/saasland/img/new/case/case_08.jpg]
[droitthemes.com/html/saasland/img/new/case/case_09.jpg]
[droitthemes.com/html/saasland/img/new/case/case_11.jpg]
[droitthemes.com/html/saasland/img/new/case/case_12.jpg]
[droitthemes.com/html/saasland/case-study.html]
[droitthemes.com/html/saasland/img/new/case/case_details_01.jpg]
[droitthemes.com/html/saasland/img/new/case/case_details_03.jpg]
[droitthemes.com/html/saasland/case-study-details.html]
[droitthemes.com/html/saasland/img/Img-06.jpg]
[droitthemes.com/html/saasland/img/team/team_04.jpg]
[droitthemes.com/html/saasland/img/team/team_5.jpg]
[droitthemes.com/html/saasland/img/team/team_6.jpg]
[droitthemes.com/html/saasland/img/team/team_7.jpg]
[droitthemes.com/html/saasland/img/team/team_8.jpg]
[droitthemes.com/html/saasland/img/team/team_9.jpg]
[droitthemes.com/html/saasland/img/team/team_12.jpg]
[droitthemes.com/html/saasland/team.html]
[droitthemes.com/html/saasland/sign-up-1.html]
[droitthemes.com/html/saasland/img/login_img2.png]
[droitthemes.com/html/saasland/sign-up-2.html]
[droitthemes.com/html/saasland/img/logo6.png]
[droitthemes.com/html/saasland/img/logo-sticky.png]
[droitthemes.com/html/saasland/img/login_img.png]
[droitthemes.com/html/saasland/img/logo7.png]
[droitthemes.com/html/saasland/login.html]
[droitthemes.com/html/saasland/login-two.html]
[droitthemes.com/html/saasland/faq.html]
[droitthemes.com/html/saasland/js/gmaps.min.js]
[droitthemes.com/html/saasland/js/jquery.form.js]
[droitthemes.com/html/saasland/contact-1.html]
[droitthemes.com/html/saasland/js/contact.js]
[droitthemes.com/html/saasland/js/jquery.validate.min.js]
[droitthemes.com/html/saasland/contact-2.html]
[droitthemes.com/html/saasland/img/new/mockup/rocket.png]
[droitthemes.com/html/saasland/thanks.html]
[droitthemes.com/html/saasland/coming-soon.html]
[droitthemes.com/html/saasland/404.html]
[droitthemes.com/html/saasland/js/comming-soon.js]
[droitthemes.com/html/saasland/img/new/error.png]
[droitthemes.com/html/saasland/404-two.html]
[droitthemes.com/html/saasland/index.html]
[droitthemes.com/html/saasland/img/portfolio/2-columns/grid1.jpg]
[droitthemes.com/html/saasland/img/portfolio/2-columns/grid2.jpg]
[droitthemes.com/html/saasland/img/portfolio/2-columns/grid3.jpg]
[droitthemes.com/html/saasland/img/portfolio/2-columns/grid4.jpg]
[droitthemes.com/html/saasland/img/portfolio/2-columns/grid5.jpg]
[droitthemes.com/html/saasland/img/portfolio/2-columns/grid6.jpg]
[droitthemes.com/html/saasland/img/portfolio/2-columns/grid7.jpg]
[droitthemes.com/html/saasland/img/portfolio/2-columns/grid8.jpg]
[droitthemes.com/html/saasland/portfolio-grid-2col.html]
[droitthemes.com/html/saasland/img/portfolio/3-columns/3_col_3.jpg]
[droitthemes.com/html/saasland/img/portfolio/3-columns/3_col_8.jpg]
[droitthemes.com/html/saasland/img/portfolio/3-columns/3_col_9.jpg]
[droitthemes.com/html/saasland/img/portfolio/3-columns/3_col_10.jpg]
[droitthemes.com/html/saasland/img/portfolio/3-columns/3_col_11.jpg]
[droitthemes.com/html/saasland/img/portfolio/3-columns/3_col_12.jpg]
[droitthemes.com/html/saasland/portfolio-grid-3columns.html]
[droitthemes.com/html/saasland/img/portfolio/3-columns/image_01.jpg]
[droitthemes.com/html/saasland/img/portfolio/3-columns/image_02.jpg]
[droitthemes.com/html/saasland/img/portfolio/3-columns/image_03.jpg]
[droitthemes.com/html/saasland/img/portfolio/3-columns/image_04.jpg]
[droitthemes.com/html/saasland/img/portfolio/3-columns/image_05.jpg]
[droitthemes.com/html/saasland/img/portfolio/3-columns/image_06.jpg]
[droitthemes.com/html/saasland/img/portfolio/3-columns/image_07.jpg]
[droitthemes.com/html/saasland/img/portfolio/3-columns/image_08.jpg]
[droitthemes.com/html/saasland/img/portfolio/3-columns/image_09.jpg]
[droitthemes.com/html/saasland/img/portfolio/3-columns/image_10.jpg]
[droitthemes.com/html/saasland/img/portfolio/3-columns/image_11.jpg]
[droitthemes.com/html/saasland/img/portfolio/3-columns/image_12.jpg]
[droitthemes.com/html/saasland/portfolio-grid-4columns.html]
[droitthemes.com/html/saasland/portfolio-grid-2col-2.html]
[droitthemes.com/html/saasland/portfolio-grid-2col-3.html]
[droitthemes.com/html/saasland/portfolio-grid-2col-4.html]
[droitthemes.com/html/saasland/img/portfolio/full-width/full_img_1.jpg]
[droitthemes.com/html/saasland/img/portfolio/full-width/full_img_2.jpg]
[droitthemes.com/html/saasland/img/portfolio/full-width/full_img_3.jpg]
[droitthemes.com/html/saasland/img/portfolio/full-width/full_img_4.jpg]
[droitthemes.com/html/saasland/img/portfolio/full-width/full_img_6.jpg]
[droitthemes.com/html/saasland/img/portfolio/full-width/full_img_7.jpg]
[droitthemes.com/html/saasland/img/portfolio/full-width/full_img_8.jpg]
[droitthemes.com/html/saasland/img/portfolio/full-width/full_img_9.jpg]
[droitthemes.com/html/saasland/portfolio-fullwidth-3columns.html]
[droitthemes.com/html/saasland/img/portfolio/full-width/full_1.jpg]
[droitthemes.com/html/saasland/img/portfolio/full-width/full_2.jpg]
[droitthemes.com/html/saasland/img/portfolio/full-width/full_3.jpg]
[droitthemes.com/html/saasland/img/portfolio/full-width/full_4.jpg]
[droitthemes.com/html/saasland/img/portfolio/full-width/full_5.jpg]
[droitthemes.com/html/saasland/img/portfolio/full-width/full_6.jpg]
[droitthemes.com/html/saasland/img/portfolio/full-width/full_7.jpg]
[droitthemes.com/html/saasland/img/portfolio/full-width/full_8.jpg]
[droitthemes.com/html/saasland/img/portfolio/full-width/full_9.jpg]
[droitthemes.com/html/saasland/img/portfolio/full-width/full_10.jpg]
[droitthemes.com/html/saasland/img/portfolio/full-width/full_11.jpg]
[droitthemes.com/html/saasland/img/portfolio/full-width/full_12.jpg]
[droitthemes.com/html/saasland/portfolio-fullwidth-4columns.html]
[droitthemes.com/html/saasland/portfolio-grid-fullwidth1.html]
[droitthemes.com/html/saasland/portfolio-grid-fullwidth2.html]
[droitthemes.com/html/saasland/img/portfolio/full-width/masonry1.jpg]
[droitthemes.com/html/saasland/img/portfolio/full-width/masonry2.jpg]
[droitthemes.com/html/saasland/img/portfolio/full-width/masonry4.jpg]
[droitthemes.com/html/saasland/img/portfolio/full-width/masonry3.jpg]
[droitthemes.com/html/saasland/img/portfolio/full-width/masonry5.jpg]
[droitthemes.com/html/saasland/img/portfolio/full-width/masonry6.jpg]
[droitthemes.com/html/saasland/img/portfolio/full-width/masonry8.jpg]
[droitthemes.com/html/saasland/img/portfolio/full-width/masonry7.jpg]
[droitthemes.com/html/saasland/portfolio-mas-2col.html]
[droitthemes.com/html/saasland/portfolio-mas-3col.html]
[droitthemes.com/html/saasland/img/portfolio/full-width/mas-4col-2.jpg]
[droitthemes.com/html/saasland/img/portfolio/full-width/mas-4col-3.jpg]
[droitthemes.com/html/saasland/img/portfolio/full-width/mas-4col-4.jpg]
[droitthemes.com/html/saasland/img/portfolio/full-width/mas-4col-8.jpg]
[droitthemes.com/html/saasland/img/portfolio/full-width/mas-4col-6.jpg]
[droitthemes.com/html/saasland/img/portfolio/full-width/mas-4col-7.jpg]
[droitthemes.com/html/saasland/img/portfolio/full-width/mas-4col-5.jpg]
[droitthemes.com/html/saasland/img/portfolio/full-width/mas-4col-10.jpg]
[droitthemes.com/html/saasland/img/portfolio/full-width/mas-4col-9.jpg]
[droitthemes.com/html/saasland/img/portfolio/full-width/mas-4col-12.jpg]
[droitthemes.com/html/saasland/img/portfolio/full-width/mas-4col-11.jpg]
[droitthemes.com/html/saasland/portfolio-mas-4col.html]
[droitthemes.com/html/saasland/portfolio-mas-3col-2.html]
[droitthemes.com/html/saasland/portfolio-mas-4col-2.html]
[droitthemes.com/html/saasland/img/portfolio-details/pr_details1.jpg]
[droitthemes.com/html/saasland/img/portfolio-details/pr_details2.jpg]
[droitthemes.com/html/saasland/img/portfolio-details/pr_details3.jpg]
[droitthemes.com/html/saasland/portfolio-details-1.html]
[droitthemes.com/html/saasland/img/portfolio-details/pr_details5.jpg]
[droitthemes.com/html/saasland/img/portfolio-details/pr_details6.jpg]
[droitthemes.com/html/saasland/img/portfolio-details/pr_details7.jpg]
[droitthemes.com/html/saasland/img/portfolio-details/pr_details8.jpg]
[droitthemes.com/html/saasland/portfolio-details-2.html]
[droitthemes.com/html/saasland/img/portfolio-details/pr_details9.jpg]
[droitthemes.com/html/saasland/portfolio-details-3.html]
[droitthemes.com/html/saasland/sign1.html]
[droitthemes.com/html/saasland/img/shop/shop-grid/grid_1.jpg]
[droitthemes.com/html/saasland/img/shop/shop-grid/grid_2.jpg]
[droitthemes.com/html/saasland/img/shop/shop-grid/grid_3.jpg]
[droitthemes.com/html/saasland/img/shop/shop-grid/grid_4.jpg]
[droitthemes.com/html/saasland/img/shop/shop-grid/grid_5.jpg]
[droitthemes.com/html/saasland/img/shop/shop-grid/grid_6.jpg]
[droitthemes.com/html/saasland/img/shop/shop-grid/grid_7.jpg]
[droitthemes.com/html/saasland/img/shop/shop-grid/grid_8.jpg]
[droitthemes.com/html/saasland/img/shop/shop-grid/grid_9.jpg]
[droitthemes.com/html/saasland/img/shop/shop-grid/grid_10.jpg]
[droitthemes.com/html/saasland/img/shop/shop-grid/grid_11.jpg]
[droitthemes.com/html/saasland/img/shop/shop-grid/grid_12.jpg]
[droitthemes.com/html/saasland/img/shop/shop-grid/grid_13.jpg]
[droitthemes.com/html/saasland/img/shop/shop-grid/grid_14.jpg]
[droitthemes.com/html/saasland/img/shop/shop-grid/grid_15.jpg]
[droitthemes.com/html/saasland/img/shop/shop-grid/grid_16.jpg]
[droitthemes.com/html/saasland/shop-grid.html]
[droitthemes.com/html/saasland/img/shop/shop-list/shop-list1.jpg]
[droitthemes.com/html/saasland/img/shop/shop-list/shop-list2.jpg]
[droitthemes.com/html/saasland/img/shop/shop-list/shop-list3.jpg]
[droitthemes.com/html/saasland/img/shop/shop-list/shop-list4.jpg]
[droitthemes.com/html/saasland/img/shop/shop-list/shop-list5.jpg]
[droitthemes.com/html/saasland/shop-list.html]
[droitthemes.com/html/saasland/img/shop/pr_2.jpg]
[droitthemes.com/html/saasland/img/shop/pr_1.jpg]
[droitthemes.com/html/saasland/img/shop/pr_3.jpg]
[droitthemes.com/html/saasland/img/shop/pr_4.jpg]
[droitthemes.com/html/saasland/img/shop/review.png]
[droitthemes.com/html/saasland/product-details-1.html]
[droitthemes.com/html/saasland/img/shop/item1.jpg]
[droitthemes.com/html/saasland/img/shop/item2.jpg]
[droitthemes.com/html/saasland/img/shop/item3.jpg]
[droitthemes.com/html/saasland/img/shop/item4.jpg]
[droitthemes.com/html/saasland/img/shop/item5.jpg]
[droitthemes.com/html/saasland/shoping-cart.html]
[droitthemes.com/html/saasland/checkout.html]
[droitthemes.com/html/saasland/wishlist.html]
[droitthemes.com/html/saasland/img/blog-grid/blog-grid1.jpg]
[droitthemes.com/html/saasland/img/blog-grid/blog-grid2.jpg]
[droitthemes.com/html/saasland/img/blog-grid/blog-grid3.jpg]
[droitthemes.com/html/saasland/img/blog-grid/blog-grid4.jpg]
[droitthemes.com/html/saasland/img/blog-grid/blog-grid5.jpg]
[droitthemes.com/html/saasland/img/blog-grid/blog-grid6.jpg]
[droitthemes.com/html/saasland/img/blog-grid/blog-grid7.jpg]
[droitthemes.com/html/saasland/img/blog-grid/blog-grid8.jpg]
[droitthemes.com/html/saasland/img/blog-grid/post_2.jpg]
[droitthemes.com/html/saasland/img/blog-grid/post_3.jpg]
[droitthemes.com/html/saasland/img/blog-grid/post_4.jpg]
[droitthemes.com/html/saasland/blog-grid.html]
[droitthemes.com/html/saasland/img/new/blog/blog_banner.png]
[droitthemes.com/html/saasland/home-agency.html]
[droitthemes.com/html/saasland/img/new/blog/blog_grid_1.jpg]
[droitthemes.com/html/saasland/img/new/blog/blog_grid_2.jpg]
[droitthemes.com/html/saasland/img/new/blog/blog_grid_3.jpg]
[droitthemes.com/html/saasland/img/new/blog/blog_grid_4.jpg]
[droitthemes.com/html/saasland/img/new/blog/blog_grid_5.jpg]
[droitthemes.com/html/saasland/img/new/blog/blog_grid_7.jpg]
[droitthemes.com/html/saasland/img/new/blog/blog_grid_8.jpg]
[droitthemes.com/html/saasland/img/new/blog/post2.jpg]
[droitthemes.com/html/saasland/img/new/blog/post3.jpg]
[droitthemes.com/html/saasland/img/new/blog/image_01.jpg]
[droitthemes.com/html/saasland/img/new/blog/image_02.jpg]
[droitthemes.com/html/saasland/img/new/blog/image_03.jpg]
[droitthemes.com/html/saasland/img/new/blog/image_04.jpg]
[droitthemes.com/html/saasland/img/new/blog/image_05.jpg]
[droitthemes.com/html/saasland/img/new/blog/image_06.jpg]
[droitthemes.com/html/saasland/blog-grid-two.html]
[droitthemes.com/html/saasland/img/blog-grid/blog_list1.jpg]
[droitthemes.com/html/saasland/img/blog-grid/blog_list2.jpg]
[droitthemes.com/html/saasland/img/blog-grid/blog_list3.jpg]
[droitthemes.com/html/saasland/img/blog-grid/blog_list4.jpg]
[droitthemes.com/html/saasland/blog-list.html]
[droitthemes.com/html/saasland/img/new/blog/blog_img1.png]
[droitthemes.com/html/saasland/img/new/blog/blog_img2.png]
[droitthemes.com/html/saasland/img/new/blog/blog_img4.jpg]
[droitthemes.com/html/saasland/blog-right-sidebar.html]
[droitthemes.com/html/saasland/img/blog-grid/masonry_01.jpg]
[droitthemes.com/html/saasland/img/blog-grid/masonry_02.jpg]
[droitthemes.com/html/saasland/img/blog-grid/masonry_04.jpg]
[droitthemes.com/html/saasland/img/blog-grid/masonry_03.jpg]
[droitthemes.com/html/saasland/img/blog-grid/masonry_05.jpg]
[droitthemes.com/html/saasland/img/blog-grid/masonry_06.jpg]
[droitthemes.com/html/saasland/img/blog-grid/masonry_07.jpg]
[droitthemes.com/html/saasland/img/blog-grid/masonry_08.jpg]
[droitthemes.com/html/saasland/img/blog-grid/masonry_09.jpg]
[droitthemes.com/html/saasland/img/blog-grid/masonry_11.jpg]
[droitthemes.com/html/saasland/img/blog-grid/masonry_12.jpg]
[droitthemes.com/html/saasland/blog-masonry.html]
[droitthemes.com/html/saasland/img/new/blog/mas_post_img1.jpg]
[droitthemes.com/html/saasland/img/new/blog/mas_post_img2.jpg]
[droitthemes.com/html/saasland/img/new/blog/mas_post_img3.jpg]
[droitthemes.com/html/saasland/img/new/blog/mas_post_img5.jpg]
[droitthemes.com/html/saasland/img/new/blog/mas_post_img7.jpg]
[droitthemes.com/html/saasland/img/new/blog/mas_post_img9.jpg]
[droitthemes.com/html/saasland/img/new/blog/mas_post_img10.jpg]
[droitthemes.com/html/saasland/blog-masonry-two.html]
[droitthemes.com/html/saasland/blog-masonry-sidebar.html]
[droitthemes.com/html/saasland/blog-masonry-sidebar-two.html]
[droitthemes.com/html/saasland/img/blog-grid/blog_single.png]
[droitthemes.com/html/saasland/img/blog-grid/author_img.png]
[droitthemes.com/html/saasland/img/blog-grid/post_img_1.png]
[droitthemes.com/html/saasland/img/blog-grid/post_img_2.png]
[droitthemes.com/html/saasland/img/blog-grid/post_img_3.png]
[droitthemes.com/html/saasland/img/blog-grid/comment1.png]
[droitthemes.com/html/saasland/img/blog-grid/comment2.png]
[droitthemes.com/html/saasland/blog-single.html]
[droitthemes.com/html/saasland/img/new/blog/blog_single_bg.jpg]
[droitthemes.com/html/saasland/img/new/blog/blog_single.jpg]
[droitthemes.com/html/saasland/img/new/blog/author.jpg]
[droitthemes.com/html/saasland/img/new/blog/related_p_1.jpg]
[droitthemes.com/html/saasland/img/new/blog/related_p_2.jpg]
[droitthemes.com/html/saasland/img/new/blog/related_p_3.jpg]
[droitthemes.com/html/saasland/img/new/blog/comment_01.jpg]
[droitthemes.com/html/saasland/img/new/blog/comment_02.jpg]
[droitthemes.com/html/saasland/img/new/blog/comments_01.png]
[droitthemes.com/html/saasland/img/new/blog/comments_02.png]
[droitthemes.com/html/saasland/img/new/blog/comments_03.png]
[droitthemes.com/html/saasland/blog-single-two.html]
[droitthemes.com/html/saasland/Accordion.html]
[droitthemes.com/html/saasland/button.html]
[droitthemes.com/html/saasland/integration.html]
[droitthemes.com/html/saasland/client.html]
[droitthemes.com/html/saasland/img/home3/prototype_banner_img.png]
[droitthemes.com/html/saasland/subscribe.html]
[droitthemes.com/html/saasland/img/Img-02.jpg]
[droitthemes.com/html/saasland/img/home3/action_image.png]
[droitthemes.com/html/saasland/call-to-action.html]
[droitthemes.com/html/saasland/img/home3/tab.png]
[droitthemes.com/html/saasland/tab.html]
[droitthemes.com/html/saasland/testimonial.html]
[droitthemes.com/html/saasland/video.html]
[droitthemes.com/html/saasland/carosuel.html]
[droitthemes.com/html/saasland/img/map.png]
[droitthemes.com/html/saasland/google-map.html]
[droitthemes.com/html/saasland/contact-form.html]
[droitthemes.com/html/saasland/getapp.html]
[droitthemes.com/html/saasland/heading.html]
[droitthemes.com/html/saasland/blockquote.html]
[droitthemes.com/html/saasland/fun-fact.html]
[droitthemes.com/html/saasland/pagination.html]
[droitthemes.com/html/saasland/img/saas/icon/logo.png]
[droitthemes.com/html/saasland/img/saas/icon/logo-slack.png]
[droitthemes.com/html/saasland/img/saas/icon/Avast_Antivirus.png]
[droitthemes.com/html/saasland/img/saas/icon/ASAN-logo-icon.png]
[droitthemes.com/html/saasland/img/saas/icon/trellologo.png]
[droitthemes.com/html/saasland/img/saas/icon/Twitter_logo.png]
[droitthemes.com/html/saasland/img/saas/icon/dropbox_logo.png]
[droitthemes.com/html/saasland/img/saas/icon/wplogo.png]
[droitthemes.com/html/saasland/header-dark.html]
[droitthemes.com/html/saasland/img/home3/p_feature1.png]
[droitthemes.com/html/saasland/img/home3/saas.png]
[droitthemes.com/html/saasland/img/home3/dimond.png]
[droitthemes.com/html/saasland/img/home3/psd.png]
[droitthemes.com/html/saasland/img/home3/prototype_banner_img2.png]
[droitthemes.com/html/saasland/header-style2.html]
[droitthemes.com/html/saasland/header-style3.html]
[droitthemes.com/html/saasland/header-style4.html]
[droitthemes.com/html/saasland/header-style5.html]
[droitthemes.com/html/saasland/header-style6.html]
[droitthemes.com/html/saasland/header-style7.html]
[droitthemes.com/html/saasland/header-style8.html]
[droitthemes.com/html/saasland/vendors/themify-icon/fonts/themify9f24.html]
[droitthemes.com/html/saasland/vendors/themify-icon/fonts/themifyd41d.html]
[droitthemes.com/html/saasland/vendors/themify-icon/fonts/themify9f24-2.html]
[droitthemes.com/html/saasland/vendors/flaticon/Flaticon.html]
[droitthemes.com/html/saasland/vendors/flaticon/Flaticond41d.html]
[droitthemes.com/html/saasland/vendors/flaticon/Flaticon-2.html]
[droitthemes.com/html/saasland/vendors/owl-carousel/assets/owl.video.play.html]
[droitthemes.com/html/saasland/vendors/scroll/mCSB_buttons.html]
[droitthemes.com/html/saasland/vendors/elagent/fonts/ElegantIcons.svg]
[droitthemes.com/html/saasland/img/new-home/p-1.png]
[droitthemes.com/html/saasland/img/home2/action_bg.png]
[droitthemes.com/html/saasland/img/pos/wave_two.png]
[droitthemes.com/html/saasland/vendors/simple-line-icon/fonts/Simple-Line-Icons.eot]
[droitthemes.com/html/saasland/vendors/simple-line-icon/fonts/Simple-Line-Icons.woff]
[droitthemes.com/html/saasland/vendors/simple-line-icon/fonts/Simple-Line-Iconsd41d.eot]
[droitthemes.com/html/saasland/vendors/simple-line-icon/fonts/Simple-Line-Icons.ttf]
[droitthemes.com/html/saasland/vendors/simple-line-icon/fonts/Simple-Line-Icons.svg]
[droitthemes.com/html/saasland/vendors/simple-line-icon/simple-line-icons.css]
[droitthemes.com/html/saasland/vendors/font-awesome/css/webfonts/fa-brands-400.eot]
[droitthemes.com/html/saasland/vendors/font-awesome/css/webfonts/fa-brands-400.woff2]
[droitthemes.com/html/saasland/vendors/font-awesome/css/webfonts/fa-brands-400d41d.eot]
[droitthemes.com/html/saasland/vendors/font-awesome/css/webfonts/fa-brands-400.woff]
[droitthemes.com/html/saasland/vendors/font-awesome/css/webfonts/fa-brands-400.svg]
[droitthemes.com/html/saasland/vendors/font-awesome/css/webfonts/fa-regular-400.eot]
[droitthemes.com/html/saasland/vendors/font-awesome/css/webfonts/fa-regular-400.woff2]
[droitthemes.com/html/saasland/vendors/font-awesome/css/webfonts/fa-regular-400d41d.eot]
[droitthemes.com/html/saasland/vendors/font-awesome/css/webfonts/fa-regular-400.woff]
[droitthemes.com/html/saasland/vendors/font-awesome/css/webfonts/fa-regular-400.ttf]
[droitthemes.com/html/saasland/vendors/font-awesome/css/webfonts/fa-regular-400.svg]
[droitthemes.com/html/saasland/vendors/font-awesome/css/webfonts/fa-solid-900.eot]
[droitthemes.com/html/saasland/vendors/font-awesome/css/webfonts/fa-solid-900.woff2]
[droitthemes.com/html/saasland/vendors/font-awesome/css/webfonts/fa-solid-900d41d.eot]
[droitthemes.com/html/saasland/vendors/font-awesome/css/webfonts/fa-solid-900.woff]
[droitthemes.com/html/saasland/vendors/font-awesome/css/webfonts/fa-solid-900.svg]
[droitthemes.com/html/saasland/vendors/font-awesome/css/all.css]
[droitthemes.com/html/saasland/vendors/slick/slick.css]
[droitthemes.com/html/saasland/vendors/slick/ajax-loader.gif]
[droitthemes.com/html/saasland/vendors/slick/fonts/slick.eot]
[droitthemes.com/html/saasland/vendors/slick/fonts/slickd41d.eot]
[droitthemes.com/html/saasland/vendors/slick/fonts/slick.woff]
[droitthemes.com/html/saasland/vendors/slick/fonts/slick.ttf]
[droitthemes.com/html/saasland/vendors/slick/fonts/slick.svg]
[droitthemes.com/html/saasland/vendors/slick/slick-theme.css]
[droitthemes.com/html/saasland/vendors/pagepiling/jquery.pagepiling.css]
[droitthemes.com/html/saasland/img/erp-home/img/13.png]
[droitthemes.com/html/saasland/img/Home-color/user.png]
[droitthemes.com/html/saasland/img/home7/iPhonex2.html]
[droitthemes.com/html/saasland/img/home4/icon01.png]
[droitthemes.com/html/saasland/img/new/video_img_02.jpg]
[droitthemes.com/html/saasland/work-default.html]
[droitthemes.com/html/saasland/img/b.png]
[droitthemes.com/html/saasland/img/qoute.png]
[droitthemes.com/html/saasland/img/05_typography_style_01.png]
[droitthemes.com/html/saasland/heading-style.html]
[droitthemes.com/html/saasland/alart.html]
[droitthemes.com/html/saasland/img/process/process_2.png]
[droitthemes.com/html/saasland/img/new/case/case_10.jpg]
[droitthemes.com/html/saasland/img/new/case/case_details_02.jpg]
[droitthemes.com/html/saasland/img/team/team_10.jpg]
[droitthemes.com/html/saasland/img/portfolio/full-width/full_img_5.jpg]
[droitthemes.com/html/saasland/img/portfolio/full-width/mas-4col-1.jpg]
[droitthemes.com/html/saasland/img/portfolio-details/pr_details4.jpg]
[droitthemes.com/html/saasland/sign1.html]
[droitthemes.com/html/saasland/img/blog-grid/post_1.jpg]
[droitthemes.com/html/saasland/home-agency.html]
[droitthemes.com/html/saasland/img/new/blog/blog_grid_6.jpg]
[droitthemes.com/html/saasland/img/new/blog/post1.jpg]
[droitthemes.com/html/saasland/img/new/blog/blog_img3.jpg]
[droitthemes.com/html/saasland/img/new/blog/mas_post_img4.jpg]
[droitthemes.com/html/saasland/img/new/blog/mas_post_img8.jpg]
[droitthemes.com/html/saasland/vendors/simple-line-icon/fonts/Simple-Line-Icons.svg]
[droitthemes.com/html/saasland/vendors/font-awesome/css/webfonts/fa-brands-400.ttf]
[droitthemes.com/html/saasland/vendors/font-awesome/css/webfonts/fa-brands-400.svg]
[droitthemes.com/html/saasland/vendors/font-awesome/css/webfonts/fa-regular-400.svg]
[droitthemes.com/html/saasland/vendors/font-awesome/css/webfonts/fa-solid-900.svg]
[droitthemes.com/html/saasland/vendors/slick/fonts/slick.svg]
[droitthemes.com/html/saasland/vendors/font-awesome/css/webfonts/fa-solid-900.ttf]
[droitthemes.com/html/saasland/img/blog-grid/masonry_10.jpg]
[droitthemes.com/html/saasland/img/new/blog/mas_post_img6.jpg]
[droitthemes.com/html/saasland/img/saas/icon/UTorrent.png]
